#-----------------------------------------------------------
# Vivado v2024.2 (64-bit)
# SW Build 5239630 on Fri Nov 08 22:34:34 MST 2024
# IP Build 5239520 on Sun Nov 10 16:12:51 MST 2024
# SharedData Build 5239561 on Fri Nov 08 14:39:27 MST 2024
# Start of session at: Mon Jan 26 23:37:06 2026
# Process ID         : 29312
# Current directory  : /home/selaka/Desktop/adc_testing/v1/project_1/project_1.runs/blk_mem_gen_1_synth_1
# Command line       : vivado -log blk_mem_gen_1.vds -product Vivado -mode batch -messageDb vivado.pb -notrace -source blk_mem_gen_1.tcl
# Log file           : /home/selaka/Desktop/adc_testing/v1/project_1/project_1.runs/blk_mem_gen_1_synth_1/blk_mem_gen_1.vds
# Journal file       : /home/selaka/Desktop/adc_testing/v1/project_1/project_1.runs/blk_mem_gen_1_synth_1/vivado.jou
# Running On         : selaka-Inspiron-5502
# Platform           : Ubuntu
# Operating System   : Ubuntu 20.04.6 LTS
# Processor Detail   : 11th Gen Intel(R) Core(TM) i7-1165G7 @ 2.80GHz
# CPU Frequency      : 1700.000 MHz
# CPU Physical cores : 4
# CPU Logical cores  : 8
# Host memory        : 16480 MB
# Swap memory        : 2147 MB
# Total Virtual      : 18628 MB
# Available Virtual  : 13304 MB
#-----------------------------------------------------------
source blk_mem_gen_1.tcl -notrace
